Microchip MPLAB XC8 Compiler V3.00

Linker command line:

-W-3 \
  --edf=C:\Program Files\Microchip\xc8\v3.00\pic\dat\20241204225717_en.msgs \
  -cn -h+dist/default/production\set_fan_speed.X.production.sym \
  --cmf=dist/default/production\set_fan_speed.X.production.cmf -z -Q16F877A \
  -oC:\Users\BIANCA~1.R\AppData\Local\Temp\xcAsev0.\driver_tmp_3.o \
  --defsym=__MPLAB_BUILD=1 --fixupoverflow=error \
  -Mdist/default/production/set_fan_speed.X.production.map \
  --md=C:\Users\BIANCA~1.R\AppData\Local\Temp\xcAsev0.\driver_tmp_0.dat -E1 \
  -ver=XC8 Compiler -ACODE=00h-07FFhx4 -ASTRCODE=00h-01FFFh \
  -ASTRING=00h-0FFhx32 -ACONST=00h-0FFhx32 -AENTRY=00h-0FFhx32 \
  -ACOMMON=070h-07Fh -ABANK0=020h-06Fh -ABANK1=0A0h-0EFh \
  -ABANK2=0110h-016Fh -ABANK3=0190h-01EFh \
  -ARAM=020h-06Fh,0A0h-0EFh,0110h-016Fh,0190h-01EFh \
  -AABS1=020h-07Fh,0A0h-0EFh,0110h-016Fh,0190h-01EFh -ASFR0=00h-01Fh \
  -ASFR1=080h-09Fh -ASFR2=0100h-010Fh -ASFR3=0180h-018Fh \
  -ACONFIG=02007h-02007h -DCONFIG=2 -AIDLOC=02000h-02003h -DIDLOC=2 \
  -AEEDATA=00h-0FFh/02100h -peeprom_data=EEDATA -DEEDATA=2 -DCODE=2 \
  -DSTRCODE=2 -DSTRING=2 -DCONST=2 -DENTRY=2 \
  -preset_vec=00h,intentry,sivt,init,end_init -ppowerup=CODE -pcinit=CODE \
  -pfunctab=ENTRY -k \
  C:\Users\BIANCA~1.R\AppData\Local\Temp\xcAsev0.\driver_tmp_12.o \
  dist/default/production\set_fan_speed.X.production.o 

Object code version is 3.11

Machine type is 16F877A



                Name                               Link     Load   Length Selector   Space Scale
C:\Users\BIANCA~1.R\AppData\Local\Temp\xcAsev0.\driver_tmp_12.o
                end_init                              0        0        3        0       0
                config                             2007     2007        1        0       4
dist/default/production\set_fan_speed.X.production.o
                cinit                               7DC      7DC       24      FB8       0
                config                             2007     2007        1        0       4
                text7                               653      653        D      CA6       0
                text6                               67C      67C       1D      CF8       0
                text5                               70B      70B       41      E16       0
                text4                               74C      74C       42      E98       0
                text3                               699      699       38      D32       0
                text2                               660      660       1C      CC0       0
                text1                               78E      78E       4E      F1C       0
                maintext                            6D1      6D1       3A      DA2       0
                cstackCOMMON                         70       70        A       70       1
                dataBANK0                            26       26        2       20       1
                bssBANK0                             20       20        6       20       1
                dataCOMMON                           7C       7C        2       70       1
                bssCOMMON                            7A       7A        2       70       1
                idataBANK0                          64F      64F        2      C9E       0
                idataCOMMON                         651      651        2      CA2       0

TOTAL           Name                               Link     Load   Length     Space
        CLASS   CODE           
                end_init                              0        0        3         0
                cinit                               7DC      7DC       24         0
                text7                               653      653        D         0
                text6                               67C      67C       1D         0
                text5                               70B      70B       41         0
                text4                               74C      74C       42         0
                text3                               699      699       38         0
                text2                               660      660       1C         0
                text1                               78E      78E       4E         0
                maintext                            6D1      6D1       3A         0
                idataBANK0                          64F      64F        2         0
                idataCOMMON                         651      651        2         0

        CLASS   STRCODE        

        CLASS   STRING         

        CLASS   CONST          

        CLASS   ENTRY          

        CLASS   COMMON         
                cstackCOMMON                         70       70        A         1
                dataCOMMON                           7C       7C        2         1
                bssCOMMON                            7A       7A        2         1

        CLASS   BANK0          
                dataBANK0                            26       26        2         1
                bssBANK0                             20       20        6         1

        CLASS   BANK1          

        CLASS   BANK2          

        CLASS   BANK3          

        CLASS   RAM            

        CLASS   ABS1           
                abs_s1                               7E       7E        2         1

        CLASS   SFR0           

        CLASS   SFR1           

        CLASS   SFR2           

        CLASS   SFR3           

        CLASS   CONFIG         
                config                             2007     2007        1         4

        CLASS   IDLOC          

        CLASS   EEDATA         

        CLASS   HEAP           

        CLASS   STACK          



SEGMENTS        Name                           Load    Length   Top    Selector   Space  Class     Delta

                reset_vec                      000000  000003  000003         0       0  CODE        2
                bssBANK0                       000020  000008  000028        20       1  BANK0       1
                cstackCOMMON                   000070  00000E  00007E        70       1  COMMON      1
                idataBANK0                     00064F  000002  000651       C9E       0  CODE        2
                idataCOMMON                    000651  000002  000653       CA2       0  CODE        2
                text7                          000653  00000D  000660       CA6       0  CODE        2
                text2                          000660  00001C  00067C       CC0       0  CODE        2
                text6                          00067C  00001D  000699       CF8       0  CODE        2
                text3                          000699  000038  0006D1       D32       0  CODE        2
                maintext                       0006D1  00003A  00070B       DA2       0  CODE        2
                text5                          00070B  000041  00074C       E16       0  CODE        2
                text4                          00074C  000042  00078E       E98       0  CODE        2
                text1                          00078E  00004E  0007DC       F1C       0  CODE        2
                cinit                          0007DC  000024  000800       FB8       0  CODE        2


UNUSED ADDRESS RANGES

        Name                Unused          Largest block    Delta
        BANK0            0028-006F             48           1
        BANK1            00A0-00EF             50           1
        BANK2            0110-016F             60           1
        BANK3            0190-01EF             60           1
        CODE             0003-064E            64C           2
                         0800-1FFF            800
        CONST            0003-064E            100           2
                         0800-1FFF            100
        EEDATA           2100-21FF            100           2
        ENTRY            0003-064E            100           2
                         0800-1FFF            100
        IDLOC            2000-2003              4           2
        RAM              0028-006F             48           1
                         00A0-00EF             50
                         0110-016F             60
                         0190-01EF             60
        SFR0             0000-001F             20           1
        SFR1             0080-009F             20           1
        SFR2             0100-010F             10           1
        SFR3             0180-018F             10           1
        STRCODE          0003-064E            64C           2
                         0800-1FFF           1800
        STRING           0003-064E            100           2
                         0800-1FFF            100

                                  Symbol Table

?___lwdiv                cstackCOMMON 0070
?___lwmod                cstackCOMMON 0070
_PORTC                   (abs)        0007
_PORTD                   (abs)        0008
_TRISC                   (abs)        0087
_TRISD                   (abs)        0088
__H__absolute__          __absolute__ 0000
__Habs1                  abs1         0000
__Hbank0                 bank0        0000
__Hbank1                 bank1        0000
__Hbank2                 bank2        0000
__Hbank3                 bank3        0000
__HbssBANK0              bssBANK0     0000
__HbssCOMMON             bssCOMMON    0000
__Hcinit                 cinit        0800
__Hclrtext               clrtext      0000
__Hcode                  code         0000
__Hcommon                common       0000
__Hconfig                config       2008
__HcstackCOMMON          cstackCOMMON 0000
__HdataBANK0             dataBANK0    0000
__HdataCOMMON            dataCOMMON   0000
__Heeprom_data           eeprom_data  0000
__Hend_init              end_init     0003
__Hfunctab               functab      0000
__Hheap                  heap         0000
__HidataBANK0            idataBANK0   0000
__HidataCOMMON           idataCOMMON  0000
__Hinit                  init         0000
__Hintentry              intentry     0000
__Hmaintext              maintext     0000
__Hpowerup               powerup      0000
__Hram                   ram          0000
__Hreset_vec             reset_vec    0000
__Hsfr0                  sfr0         0000
__Hsfr1                  sfr1         0000
__Hsfr2                  sfr2         0000
__Hsfr3                  sfr3         0000
__Hsivt                  sivt         0000
__Hspace_0               (abs)        0800
__Hspace_1               (abs)        007E
__Hspace_2               (abs)        0000
__Hspace_3               (abs)        0000
__Hspace_4               (abs)        400F
__Hstack                 stack        0000
__Hstrings               strings      0000
__Htext                  text         0000
__L__absolute__          __absolute__ 0000
__Labs1                  abs1         0000
__Lbank0                 bank0        0000
__Lbank1                 bank1        0000
__Lbank2                 bank2        0000
__Lbank3                 bank3        0000
__LbssBANK0              bssBANK0     0000
__LbssCOMMON             bssCOMMON    0000
__Lcinit                 cinit        07DC
__Lclrtext               clrtext      0000
__Lcode                  code         0000
__Lcommon                common       0000
__Lconfig                config       0000
__LcstackCOMMON          cstackCOMMON 0000
__LdataBANK0             dataBANK0    0000
__LdataCOMMON            dataCOMMON   0000
__Leeprom_data           eeprom_data  0000
__Lend_init              end_init     0000
__Lfunctab               functab      0000
__Lheap                  heap         0000
__LidataBANK0            idataBANK0   0000
__LidataCOMMON           idataCOMMON  0000
__Linit                  init         0000
__Lintentry              intentry     0000
__Lmaintext              maintext     0000
__Lpowerup               powerup      0000
__Lram                   ram          0000
__Lreset_vec             reset_vec    0000
__Lsfr0                  sfr0         0000
__Lsfr1                  sfr1         0000
__Lsfr2                  sfr2         0000
__Lsfr3                  sfr3         0000
__Lsivt                  sivt         0000
__Lspace_0               (abs)        0000
__Lspace_1               (abs)        0000
__Lspace_2               (abs)        0000
__Lspace_3               (abs)        0000
__Lspace_4               (abs)        0000
__Lstack                 stack        0000
__Lstrings               strings      0000
__Ltext                  text         0000
__S0                     (abs)        0800
__S1                     (abs)        007E
__S3                     (abs)        0000
___heap_hi               (abs)        0000
___heap_lo               (abs)        0000
___int_sp                stack        0000
___int_stack_hi          stack        0000
___int_stack_lo          stack        0000
___latbits               (abs)        0002
___lwdiv                 text4        074C
___lwdiv@counter         cstackCOMMON 0076
___lwdiv@dividend        cstackCOMMON 0072
___lwdiv@divisor         cstackCOMMON 0070
___lwdiv@quotient        cstackCOMMON 0074
___lwmod                 text3        0699
___lwmod@counter         cstackCOMMON 0074
___lwmod@dividend        cstackCOMMON 0072
___lwmod@divisor         cstackCOMMON 0070
___sp                    stack        0000
___stack_hi              stack        0000
___stack_lo              stack        0000
___stackhi               (abs)        0000
___stacklo               (abs)        0000
__end_of___lwdiv         text4        078E
__end_of___lwmod         text3        06D1
__end_of__initialization cinit        07FC
__end_of_delay_ms        text7        0660
__end_of_initLCD         text5        074C
__end_of_lcd_command     text6        0699
__end_of_lcd_data        text2        067C
__end_of_lcd_output      text1        07DC
__end_of_main            maintext     070B
__initialization         cinit        07DC
__pbssBANK0              bssBANK0     0020
__pbssCOMMON             bssCOMMON    007A
__pcstackCOMMON          cstackCOMMON 0070
__pdataBANK0             dataBANK0    0026
__pdataCOMMON            dataCOMMON   007C
__pidataBANK0            idataBANK0   064F
__pidataCOMMON           idataCOMMON  0651
__pmaintext              maintext     06D1
__ptext1                 text1        078E
__ptext2                 text2        0660
__ptext3                 text3        0699
__ptext4                 text4        074C
__ptext5                 text5        070B
__ptext6                 text6        067C
__ptext7                 text7        0653
_delay_ms                text7        0653
_displayBuffer           bssBANK0     0020
_initLCD                 text5        070B
_lcd_command             text6        067C
_lcd_data                text2        0660
_lcd_output              text1        078E
_main                    maintext     06D1
_sum                     bssCOMMON    007A
btemp                    (abs)        007E
delay_ms@count           cstackCOMMON 0070
end_of_initialization    cinit        07FC
intlevel0                functab      0000
intlevel1                functab      0000
intlevel2                functab      0000
intlevel3                functab      0000
intlevel4                functab      0000
intlevel5                functab      0000
lcd_command@cmd          cstackCOMMON 0073
lcd_data@data            cstackCOMMON 0073
lcd_output@index         cstackCOMMON 0079
lcd_output@value         cstackCOMMON 0077
reset_vec                reset_vec    0000
start                    init         0000
start_initialization     cinit        07DC
wtemp0                   (abs)        007E


MODULE INFORMATION

Module		Function		Class		Link	Load	Size
C:\Program Files\Microchip\xc8\v3.00\pic\sources\c99\common\lwmod.c
		___lwmod       		CODE           	0699	0000	56

C:\Program Files\Microchip\xc8\v3.00\pic\sources\c99\common\lwmod.c estimated size: 56

shared
		__initialization		CODE           	07DC	0000	32

shared estimated size: 32

C:\Program Files\Microchip\xc8\v3.00\pic\sources\c99\common\lwdiv.c
		___lwdiv       		CODE           	074C	0000	66

C:\Program Files\Microchip\xc8\v3.00\pic\sources\c99\common\lwdiv.c estimated size: 66

main.c
		_lcd_command   		CODE           	067C	0000	29
		_lcd_data      		CODE           	0660	0000	28
		_main          		CODE           	06D1	0000	58
		_delay_ms      		CODE           	0653	0000	13
		_initLCD       		CODE           	070B	0000	65
		_lcd_output    		CODE           	078E	0000	78

main.c estimated size: 271

