Microchip MPLAB XC8 Compiler V3.00

Linker command line:

-W-3 \
  --edf=C:\Program Files\Microchip\xc8\v3.00\pic\dat\20241204225717_en.msgs \
  -cn -h+dist/default/production\eeprom_prog.X.production.sym \
  --cmf=dist/default/production\eeprom_prog.X.production.cmf -z -Q16F877A \
  -oC:\Users\BIANCA~1.R\AppData\Local\Temp\xcAsdd4.\driver_tmp_3.o \
  --defsym=__MPLAB_BUILD=1 --fixupoverflow=error \
  -Mdist/default/production/eeprom_prog.X.production.map \
  --md=C:\Users\BIANCA~1.R\AppData\Local\Temp\xcAsdd4.\driver_tmp_0.dat -E1 \
  -ver=XC8 Compiler -ACODE=00h-07FFhx4 -ASTRCODE=00h-01FFFh \
  -ASTRING=00h-0FFhx32 -ACONST=00h-0FFhx32 -AENTRY=00h-0FFhx32 \
  -ACOMMON=070h-07Fh -ABANK0=020h-06Fh -ABANK1=0A0h-0EFh \
  -ABANK2=0110h-016Fh -ABANK3=0190h-01EFh \
  -ARAM=020h-06Fh,0A0h-0EFh,0110h-016Fh,0190h-01EFh \
  -AABS1=020h-07Fh,0A0h-0EFh,0110h-016Fh,0190h-01EFh -ASFR0=00h-01Fh \
  -ASFR1=080h-09Fh -ASFR2=0100h-010Fh -ASFR3=0180h-018Fh \
  -ACONFIG=02007h-02007h -DCONFIG=2 -AIDLOC=02000h-02003h -DIDLOC=2 \
  -AEEDATA=00h-0FFh/02100h -peeprom_data=EEDATA -DEEDATA=2 -DCODE=2 \
  -DSTRCODE=2 -DSTRING=2 -DCONST=2 -DENTRY=2 \
  -preset_vec=00h,intentry,sivt,init,end_init -ppowerup=CODE -pcinit=CODE \
  -pfunctab=ENTRY -k \
  C:\Users\BIANCA~1.R\AppData\Local\Temp\xcAsdd4.\driver_tmp_12.o \
  dist/default/production\eeprom_prog.X.production.o 

Object code version is 3.11

Machine type is 16F877A



                Name                               Link     Load   Length Selector   Space Scale
C:\Users\BIANCA~1.R\AppData\Local\Temp\xcAsdd4.\driver_tmp_12.o
                end_init                              0        0        3        0       0
                config                             2007     2007        1        0       4
dist/default/production\eeprom_prog.X.production.o
                cinit                               7F1      7F1        F      FE2       0
                config                             2007     2007        1        0       4
                text8                               526      526       16      A4C       0
                text7                               554      554       19      AA8       0
                text6                               5DE      5DE       42      BBC       0
                text5                               5A6      5A6       38      B4C       0
                text4                               589      589       1D      B12       0
                text3                               620      620       4C      C40       0
                text2                               56D      56D       1C      ADA       0
                text1                               53C      53C       18      A78       0
                maintext                            66C      66C      185      CD8       0
                cstackBANK0                          36       36        B       20       1
                cstackCOMMON                         70       70        A       70       1
                clrtext                             51E      51E        8      A3C       0
                bssBANK0                             20       20       16       20       1
                bssCOMMON                            7A       7A        2       70       1
                strings                               3        3       14        6       0

TOTAL           Name                               Link     Load   Length     Space
        CLASS   CODE           
                end_init                              0        0        3         0
                cinit                               7F1      7F1        F         0
                text8                               526      526       16         0
                text7                               554      554       19         0
                text6                               5DE      5DE       42         0
                text5                               5A6      5A6       38         0
                text4                               589      589       1D         0
                text3                               620      620       4C         0
                text2                               56D      56D       1C         0
                text1                               53C      53C       18         0
                maintext                            66C      66C      185         0
                clrtext                             51E      51E        8         0

        CLASS   STRCODE        

        CLASS   STRING         
                strings                               3        3       14         0

        CLASS   CONST          

        CLASS   ENTRY          

        CLASS   COMMON         
                cstackCOMMON                         70       70        A         1
                bssCOMMON                            7A       7A        2         1

        CLASS   BANK0          
                cstackBANK0                          36       36        B         1
                bssBANK0                             20       20       16         1

        CLASS   BANK1          

        CLASS   BANK2          

        CLASS   BANK3          

        CLASS   RAM            

        CLASS   ABS1           
                abs_s1                               7E       7E        2         1

        CLASS   SFR0           

        CLASS   SFR1           

        CLASS   SFR2           

        CLASS   SFR3           

        CLASS   CONFIG         
                config                             2007     2007        1         4

        CLASS   IDLOC          

        CLASS   EEDATA         

        CLASS   HEAP           

        CLASS   STACK          



SEGMENTS        Name                           Load    Length   Top    Selector   Space  Class     Delta

                reset_vec                      000000  000003  000003         0       0  CODE        2
                strings                        000003  000014  000017         6       0  STRING      2
                bssBANK0                       000020  000021  000041        20       1  BANK0       1
                cstackCOMMON                   000070  00000C  00007C        70       1  COMMON      1
                clrtext                        00051E  000008  000526       A3C       0  CODE        2
                text8                          000526  000016  00053C       A4C       0  CODE        2
                text1                          00053C  000018  000554       A78       0  CODE        2
                text7                          000554  000019  00056D       AA8       0  CODE        2
                text2                          00056D  00001C  000589       ADA       0  CODE        2
                text4                          000589  00001D  0005A6       B12       0  CODE        2
                text5                          0005A6  000038  0005DE       B4C       0  CODE        2
                text6                          0005DE  000042  000620       BBC       0  CODE        2
                text3                          000620  00004C  00066C       C40       0  CODE        2
                maintext                       00066C  000185  0007F1       CD8       0  CODE        2
                cinit                          0007F1  00000F  000800       FE2       0  CODE        2


UNUSED ADDRESS RANGES

        Name                Unused          Largest block    Delta
        BANK0            0041-006F             2F           1
        BANK1            00A0-00EF             50           1
        BANK2            0110-016F             60           1
        BANK3            0190-01EF             60           1
        CODE             0017-051D            507           2
                         0800-1FFF            800
        COMMON           007C-007D              2           1
        CONST            0017-051D            100           2
                         0800-1FFF            100
        EEDATA           2100-21FF            100           2
        ENTRY            0017-051D            100           2
                         0800-1FFF            100
        IDLOC            2000-2003              4           2
        RAM              0041-006F             2F           1
                         00A0-00EF             50
                         0110-016F             60
                         0190-01EF             60
        SFR0             0000-001F             20           1
        SFR1             0080-009F             20           1
        SFR2             0100-010F             10           1
        SFR3             0180-018F             10           1
        STRCODE          0017-051D            507           2
                         0800-1FFF           1800
        STRING           0017-051D            100           2
                         0800-1FFF            100

                                  Symbol Table

?___lwdiv                cstackCOMMON 0070
?___lwmod                cstackCOMMON 0070
?_strlen                 cstackCOMMON 0070
ReadByteFromEE@address   cstackCOMMON 0072
WriteByteToEE@address    cstackCOMMON 0070
WriteByteToEE@data       cstackCOMMON 0071
_EEADR                   (abs)        010D
_EECON1                  (abs)        018C
_EECON2                  (abs)        018D
_EEDATA                  (abs)        010C
_PIR2bits                (abs)        000D
_PORTB                   (abs)        0006
_PORTC                   (abs)        0007
_PORTD                   (abs)        0008
_ReadByteFromEE          text8        0526
_TRISB                   (abs)        0086
_TRISC                   (abs)        0087
_TRISD                   (abs)        0088
_WriteByteToEE           text7        0554
__H__absolute__          __absolute__ 0000
__Habs1                  abs1         0000
__Hbank0                 bank0        0000
__Hbank1                 bank1        0000
__Hbank2                 bank2        0000
__Hbank3                 bank3        0000
__HbssBANK0              bssBANK0     0000
__HbssCOMMON             bssCOMMON    0000
__Hcinit                 cinit        0800
__Hclrtext               clrtext      0000
__Hcode                  code         0000
__Hcommon                common       0000
__Hconfig                config       2008
__HcstackBANK0           cstackBANK0  0000
__HcstackCOMMON          cstackCOMMON 0000
__Heeprom_data           eeprom_data  0000
__Hend_init              end_init     0003
__Hfunctab               functab      0000
__Hheap                  heap         0000
__Hinit                  init         0000
__Hintentry              intentry     0000
__Hmaintext              maintext     0000
__Hpowerup               powerup      0000
__Hram                   ram          0000
__Hreset_vec             reset_vec    0000
__Hsfr0                  sfr0         0000
__Hsfr1                  sfr1         0000
__Hsfr2                  sfr2         0000
__Hsfr3                  sfr3         0000
__Hsivt                  sivt         0000
__Hspace_0               (abs)        0800
__Hspace_1               (abs)        007C
__Hspace_2               (abs)        0000
__Hspace_3               (abs)        0000
__Hspace_4               (abs)        400F
__Hstack                 stack        0000
__Hstrings               strings      0000
__Htext                  text         0000
__L__absolute__          __absolute__ 0000
__Labs1                  abs1         0000
__Lbank0                 bank0        0000
__Lbank1                 bank1        0000
__Lbank2                 bank2        0000
__Lbank3                 bank3        0000
__LbssBANK0              bssBANK0     0000
__LbssCOMMON             bssCOMMON    0000
__Lcinit                 cinit        07F1
__Lclrtext               clrtext      0000
__Lcode                  code         0000
__Lcommon                common       0000
__Lconfig                config       0000
__LcstackBANK0           cstackBANK0  0000
__LcstackCOMMON          cstackCOMMON 0000
__Leeprom_data           eeprom_data  0000
__Lend_init              end_init     0000
__Lfunctab               functab      0000
__Lheap                  heap         0000
__Linit                  init         0000
__Lintentry              intentry     0000
__Lmaintext              maintext     0000
__Lpowerup               powerup      0000
__Lram                   ram          0000
__Lreset_vec             reset_vec    0000
__Lsfr0                  sfr0         0000
__Lsfr1                  sfr1         0000
__Lsfr2                  sfr2         0000
__Lsfr3                  sfr3         0000
__Lsivt                  sivt         0000
__Lspace_0               (abs)        0000
__Lspace_1               (abs)        0000
__Lspace_2               (abs)        0000
__Lspace_3               (abs)        0000
__Lspace_4               (abs)        0000
__Lstack                 stack        0000
__Lstrings               strings      0000
__Ltext                  text         0000
__S0                     (abs)        0800
__S1                     (abs)        007C
__S3                     (abs)        0000
___heap_hi               (abs)        0000
___heap_lo               (abs)        0000
___int_sp                stack        0000
___int_stack_hi          stack        0000
___int_stack_lo          stack        0000
___latbits               (abs)        0002
___lwdiv                 text6        05DE
___lwdiv@counter         cstackCOMMON 0076
___lwdiv@dividend        cstackCOMMON 0072
___lwdiv@divisor         cstackCOMMON 0070
___lwdiv@quotient        cstackCOMMON 0074
___lwmod                 text5        05A6
___lwmod@counter         cstackCOMMON 0074
___lwmod@dividend        cstackCOMMON 0072
___lwmod@divisor         cstackCOMMON 0070
___sp                    stack        0000
___stack_hi              stack        0000
___stack_lo              stack        0000
___stackhi               (abs)        0000
___stacklo               (abs)        0000
__end_of_ReadByteFromEE  text8        053C
__end_of_WriteByteToEE   text7        056D
__end_of___lwdiv         text6        0620
__end_of___lwmod         text5        05DE
__end_of__initialization cinit        07FC
__end_of__stringtab      strings      0009
__end_of_initLCD         text3        066C
__end_of_lcd_command     text4        05A6
__end_of_lcd_data        text2        0589
__end_of_main            maintext     07F1
__end_of_strlen          text1        0554
__initialization         cinit        07F1
__pbssBANK0              bssBANK0     0020
__pbssCOMMON             bssCOMMON    007A
__pcstackBANK0           cstackBANK0  0036
__pcstackCOMMON          cstackCOMMON 0070
__pmaintext              maintext     066C
__pstrings               strings      0003
__ptext1                 text1        053C
__ptext2                 text2        056D
__ptext3                 text3        0620
__ptext4                 text4        0589
__ptext5                 text5        05A6
__ptext6                 text6        05DE
__ptext7                 text7        0554
__ptext8                 text8        0526
__stringbase             strings      0008
__stringtab              strings      0003
_arr1                    bssBANK0     0020
_byte                    bssBANK0     0034
_initLCD                 text3        0620
_lcd_command             text4        0589
_lcd_data                text2        056D
_main                    maintext     066C
_strlen                  text1        053C
btemp                    (abs)        007E
clear_ram0               clrtext      051E
end_of_initialization    cinit        07FC
intlevel0                functab      0000
intlevel1                functab      0000
intlevel2                functab      0000
intlevel3                functab      0000
intlevel4                functab      0000
intlevel5                functab      0000
lcd_command@cmd          cstackCOMMON 0072
lcd_data@data            cstackCOMMON 0072
main@count               cstackBANK0  003A
main@i                   cstackBANK0  0038
main@i_94                cstackBANK0  003D
main@j                   cstackBANK0  003F
main@rem                 cstackBANK0  0036
main@value               cstackBANK0  003C
reset_vec                reset_vec    0000
start                    init         0000
start_initialization     cinit        07F1
strlen@a                 cstackCOMMON 0072
strlen@s                 cstackCOMMON 0070
wtemp0                   (abs)        007E


MODULE INFORMATION

Module		Function		Class		Link	Load	Size
C:\Program Files\Microchip\xc8\v3.00\pic\sources\c99\common\lwmod.c
		___lwmod       		CODE           	05A6	0000	56

C:\Program Files\Microchip\xc8\v3.00\pic\sources\c99\common\lwmod.c estimated size: 56

shared
		__stringtab    		STRING         	0003	0000	6
		__initialization		CODE           	07F1	0000	11

shared estimated size: 17

C:\Program Files\Microchip\xc8\v3.00\pic\sources\c99\common\strlen.c
		_strlen        		CODE           	053C	0000	24

C:\Program Files\Microchip\xc8\v3.00\pic\sources\c99\common\strlen.c estimated size: 24

C:\Program Files\Microchip\xc8\v3.00\pic\sources\c99\common\lwdiv.c
		___lwdiv       		CODE           	05DE	0000	66

C:\Program Files\Microchip\xc8\v3.00\pic\sources\c99\common\lwdiv.c estimated size: 66

main.c
		_lcd_command   		CODE           	0589	0000	29
		_lcd_data      		CODE           	056D	0000	28
		_main          		CODE           	066C	0000	389
		_WriteByteToEE 		CODE           	0554	0000	25
		_ReadByteFromEE		CODE           	0526	0000	22
		_initLCD       		CODE           	0620	0000	76

main.c estimated size: 569

