Microchip MPLAB XC8 Compiler V3.00

Linker command line:

-W-3 \
  --edf=C:\Program Files\Microchip\xc8\v3.00\pic\dat\20241204225717_en.msgs \
  -cn -h+dist/default/production\uart_slave.X.production.sym \
  --cmf=dist/default/production\uart_slave.X.production.cmf -z -Q16F877A \
  -oC:\Users\BIANCA~1.R\AppData\Local\Temp\xcAskgs.\driver_tmp_3.o \
  --defsym=__MPLAB_BUILD=1 --fixupoverflow=error \
  -Mdist/default/production/uart_slave.X.production.map \
  --md=C:\Users\BIANCA~1.R\AppData\Local\Temp\xcAskgs.\driver_tmp_0.dat -E1 \
  -ver=XC8 Compiler -ACODE=00h-07FFhx4 -ASTRCODE=00h-01FFFh \
  -ASTRING=00h-0FFhx32 -ACONST=00h-0FFhx32 -AENTRY=00h-0FFhx32 \
  -ACOMMON=070h-07Fh -ABANK0=020h-06Fh -ABANK1=0A0h-0EFh \
  -ABANK2=0110h-016Fh -ABANK3=0190h-01EFh \
  -ARAM=020h-06Fh,0A0h-0EFh,0110h-016Fh,0190h-01EFh \
  -AABS1=020h-07Fh,0A0h-0EFh,0110h-016Fh,0190h-01EFh -ASFR0=00h-01Fh \
  -ASFR1=080h-09Fh -ASFR2=0100h-010Fh -ASFR3=0180h-018Fh \
  -ACONFIG=02007h-02007h -DCONFIG=2 -AIDLOC=02000h-02003h -DIDLOC=2 \
  -AEEDATA=00h-0FFh/02100h -peeprom_data=EEDATA -DEEDATA=2 -DCODE=2 \
  -DSTRCODE=2 -DSTRING=2 -DCONST=2 -DENTRY=2 \
  -preset_vec=00h,intentry,sivt,init,end_init -ppowerup=CODE -pcinit=CODE \
  -pfunctab=ENTRY -k \
  C:\Users\BIANCA~1.R\AppData\Local\Temp\xcAskgs.\driver_tmp_12.o \
  dist/default/production\uart_slave.X.production.o 

Object code version is 3.11

Machine type is 16F877A



                Name                               Link     Load   Length Selector   Space Scale
C:\Users\BIANCA~1.R\AppData\Local\Temp\xcAskgs.\driver_tmp_12.o
                end_init                              0        0        3        0       0
                config                             2007     2007        1        0       4
dist/default/production\uart_slave.X.production.o
                cinit                               7FA      7FA        6      FF4       0
                config                             2007     2007        1        0       4
                text6                               6F0      6F0       14      DE0       0
                text5                               6E0      6E0       10      DC0       0
                text4                               704      704       14      E08       0
                text3                               74F      74F       34      E9E       0
                text2                               72D      72D       22      E5A       0
                text1                               718      718       15      E30       0
                maintext                            783      783       77      F06       0
                cstackCOMMON                         70       70        7       70       1
                bssCOMMON                            77       77        2       70       1
                strings                               3        3       12        6       0

TOTAL           Name                               Link     Load   Length     Space
        CLASS   CODE           
                end_init                              0        0        3         0
                cinit                               7FA      7FA        6         0
                text6                               6F0      6F0       14         0
                text5                               6E0      6E0       10         0
                text4                               704      704       14         0
                text3                               74F      74F       34         0
                text2                               72D      72D       22         0
                text1                               718      718       15         0
                maintext                            783      783       77         0

        CLASS   STRCODE        

        CLASS   STRING         
                strings                               3        3       12         0

        CLASS   CONST          

        CLASS   ENTRY          

        CLASS   COMMON         
                cstackCOMMON                         70       70        7         1
                bssCOMMON                            77       77        2         1

        CLASS   BANK0          

        CLASS   BANK1          

        CLASS   BANK2          

        CLASS   BANK3          

        CLASS   RAM            

        CLASS   ABS1           
                abs_s1                               7E       7E        2         1

        CLASS   SFR0           

        CLASS   SFR1           

        CLASS   SFR2           

        CLASS   SFR3           

        CLASS   CONFIG         
                config                             2007     2007        1         4

        CLASS   IDLOC          

        CLASS   EEDATA         

        CLASS   HEAP           

        CLASS   STACK          



SEGMENTS        Name                           Load    Length   Top    Selector   Space  Class     Delta

                reset_vec                      000000  000003  000003         0       0  CODE        2
                strings                        000003  000012  000015         6       0  STRING      2
                cstackCOMMON                   000070  000009  000079        70       1  COMMON      1
                text5                          0006E0  000010  0006F0       DC0       0  CODE        2
                text6                          0006F0  000014  000704       DE0       0  CODE        2
                text4                          000704  000014  000718       E08       0  CODE        2
                text1                          000718  000015  00072D       E30       0  CODE        2
                text2                          00072D  000022  00074F       E5A       0  CODE        2
                text3                          00074F  000034  000783       E9E       0  CODE        2
                maintext                       000783  000077  0007FA       F06       0  CODE        2
                cinit                          0007FA  000006  000800       FF4       0  CODE        2


UNUSED ADDRESS RANGES

        Name                Unused          Largest block    Delta
        BANK0            0020-006F             50           1
        BANK1            00A0-00EF             50           1
        BANK2            0110-016F             60           1
        BANK3            0190-01EF             60           1
        CODE             0015-06DF            6CB           2
                         0800-1FFF            800
        COMMON           0079-007D              5           1
        CONST            0015-06DF            100           2
                         0800-1FFF            100
        EEDATA           2100-21FF            100           2
        ENTRY            0015-06DF            100           2
                         0800-1FFF            100
        IDLOC            2000-2003              4           2
        RAM              0020-006F             50           1
                         00A0-00EF             50
                         0110-016F             60
                         0190-01EF             60
        SFR0             0000-001F             20           1
        SFR1             0080-009F             20           1
        SFR2             0100-010F             10           1
        SFR3             0180-018F             10           1
        STRCODE          0015-06DF            6CB           2
                         0800-1FFF           1800
        STRING           0015-06DF            100           2
                         0800-1FFF            100

                                  Symbol Table

_PORTD                   (abs)        0008
_RB1                     (abs)        0031
_RB3                     (abs)        0033
_RCIF                    (abs)        0065
_RCREG                   (abs)        001A
_RCSTA                   (abs)        0018
_SPBRG                   (abs)        0099
_TRISB1                  (abs)        0431
_TRISB3                  (abs)        0433
_TRISC                   (abs)        0087
_TRISD                   (abs)        0088
_TXIF                    (abs)        0064
_TXREG                   (abs)        0019
_TXSTA                   (abs)        0098
__H__absolute__          __absolute__ 0000
__Habs1                  abs1         0000
__Hbank0                 bank0        0000
__Hbank1                 bank1        0000
__Hbank2                 bank2        0000
__Hbank3                 bank3        0000
__HbssCOMMON             bssCOMMON    0000
__Hcinit                 cinit        0800
__Hclrtext               clrtext      0000
__Hcode                  code         0000
__Hcommon                common       0000
__Hconfig                config       2008
__HcstackCOMMON          cstackCOMMON 0000
__Heeprom_data           eeprom_data  0000
__Hend_init              end_init     0003
__Hfunctab               functab      0000
__Hheap                  heap         0000
__Hinit                  init         0000
__Hintentry              intentry     0000
__Hmaintext              maintext     0000
__Hpowerup               powerup      0000
__Hram                   ram          0000
__Hreset_vec             reset_vec    0000
__Hsfr0                  sfr0         0000
__Hsfr1                  sfr1         0000
__Hsfr2                  sfr2         0000
__Hsfr3                  sfr3         0000
__Hsivt                  sivt         0000
__Hspace_0               (abs)        0800
__Hspace_1               (abs)        0079
__Hspace_2               (abs)        0000
__Hspace_3               (abs)        0000
__Hspace_4               (abs)        400F
__Hstack                 stack        0000
__Hstrings               strings      0000
__Htext                  text         0000
__L__absolute__          __absolute__ 0000
__Labs1                  abs1         0000
__Lbank0                 bank0        0000
__Lbank1                 bank1        0000
__Lbank2                 bank2        0000
__Lbank3                 bank3        0000
__LbssCOMMON             bssCOMMON    0000
__Lcinit                 cinit        07FA
__Lclrtext               clrtext      0000
__Lcode                  code         0000
__Lcommon                common       0000
__Lconfig                config       0000
__LcstackCOMMON          cstackCOMMON 0000
__Leeprom_data           eeprom_data  0000
__Lend_init              end_init     0000
__Lfunctab               functab      0000
__Lheap                  heap         0000
__Linit                  init         0000
__Lintentry              intentry     0000
__Lmaintext              maintext     0000
__Lpowerup               powerup      0000
__Lram                   ram          0000
__Lreset_vec             reset_vec    0000
__Lsfr0                  sfr0         0000
__Lsfr1                  sfr1         0000
__Lsfr2                  sfr2         0000
__Lsfr3                  sfr3         0000
__Lsivt                  sivt         0000
__Lspace_0               (abs)        0000
__Lspace_1               (abs)        0000
__Lspace_2               (abs)        0000
__Lspace_3               (abs)        0000
__Lspace_4               (abs)        0000
__Lstack                 stack        0000
__Lstrings               strings      0000
__Ltext                  text         0000
__S0                     (abs)        0800
__S1                     (abs)        0079
__S3                     (abs)        0000
___heap_hi               (abs)        0000
___heap_lo               (abs)        0000
___int_sp                stack        0000
___int_stack_hi          stack        0000
___int_stack_lo          stack        0000
___latbits               (abs)        0002
___sp                    stack        0000
___stack_hi              stack        0000
___stack_lo              stack        0000
___stackhi               (abs)        0000
___stacklo               (abs)        0000
__end_of__initialization cinit        07FC
__end_of__stringtab      strings      0009
__end_of_lcd_clear       text5        06F0
__end_of_lcd_cmd         text6        0704
__end_of_lcd_data        text4        0718
__end_of_lcd_display     text3        0783
__end_of_lcd_init        text2        074F
__end_of_main            maintext     07FA
__end_of_uart_init       text1        072D
__initialization         cinit        07FA
__pbssCOMMON             bssCOMMON    0077
__pcstackCOMMON          cstackCOMMON 0070
__pmaintext              maintext     0783
__pstrings               strings      0003
__ptext1                 text1        0718
__ptext2                 text2        072D
__ptext3                 text3        074F
__ptext4                 text4        0704
__ptext5                 text5        06E0
__ptext6                 text6        06F0
__stringbase             strings      0008
__stringtab              strings      0003
_lcd_clear               text5        06E0
_lcd_cmd                 text6        06F0
_lcd_data                text4        0704
_lcd_display             text3        074F
_lcd_init                text2        072D
_main                    maintext     0783
_rx_buffer               bssCOMMON    0078
_tx_buffer               bssCOMMON    0077
_uart_init               text1        0718
btemp                    (abs)        007E
end_of_initialization    cinit        07FC
intlevel0                functab      0000
intlevel1                functab      0000
intlevel2                functab      0000
intlevel3                functab      0000
intlevel4                functab      0000
intlevel5                functab      0000
lcd_cmd@cmd              cstackCOMMON 0072
lcd_data@data            cstackCOMMON 0072
lcd_display@line         cstackCOMMON 0074
lcd_display@msg          cstackCOMMON 0073
reset_vec                reset_vec    0000
start                    init         0000
start_initialization     cinit        07FA
wtemp0                   (abs)        007E


MODULE INFORMATION

Module		Function		Class		Link	Load	Size
shared
		__stringtab    		STRING         	0003	0000	6
		__initialization		CODE           	07FA	0000	2

shared estimated size: 8

main.c
		_lcd_cmd       		CODE           	06F0	0000	20
		_lcd_data      		CODE           	0704	0000	20
		_lcd_display   		CODE           	074F	0000	52
		_main          		CODE           	0783	0000	119
		_uart_init     		CODE           	0718	0000	21
		_lcd_clear     		CODE           	06E0	0000	16
		_lcd_init      		CODE           	072D	0000	34

main.c estimated size: 282

