Microchip MPLAB XC8 Compiler V3.00

Linker command line:

-W-3 \
  --edf=C:\Program Files\Microchip\xc8\v3.00\pic\dat\20241204225717_en.msgs \
  -cn -h+dist/default/production\battery_control.X.production.sym \
  --cmf=dist/default/production\battery_control.X.production.cmf -z \
  -Q16F877A \
  -oC:\Users\BIANCA~1.R\AppData\Local\Temp\xcAsnl0.\driver_tmp_3.o \
  --defsym=__MPLAB_BUILD=1 --fixupoverflow=error \
  -Mdist/default/production/battery_control.X.production.map \
  --md=C:\Users\BIANCA~1.R\AppData\Local\Temp\xcAsnl0.\driver_tmp_0.dat -E1 \
  -ver=XC8 Compiler -ACODE=00h-07FFhx4 -ASTRCODE=00h-01FFFh \
  -ASTRING=00h-0FFhx32 -ACONST=00h-0FFhx32 -AENTRY=00h-0FFhx32 \
  -ACOMMON=070h-07Fh -ABANK0=020h-06Fh -ABANK1=0A0h-0EFh \
  -ABANK2=0110h-016Fh -ABANK3=0190h-01EFh \
  -ARAM=020h-06Fh,0A0h-0EFh,0110h-016Fh,0190h-01EFh \
  -AABS1=020h-07Fh,0A0h-0EFh,0110h-016Fh,0190h-01EFh -ASFR0=00h-01Fh \
  -ASFR1=080h-09Fh -ASFR2=0100h-010Fh -ASFR3=0180h-018Fh \
  -ACONFIG=02007h-02007h -DCONFIG=2 -AIDLOC=02000h-02003h -DIDLOC=2 \
  -AEEDATA=00h-0FFh/02100h -peeprom_data=EEDATA -DEEDATA=2 -DCODE=2 \
  -DSTRCODE=2 -DSTRING=2 -DCONST=2 -DENTRY=2 \
  -preset_vec=00h,intentry,sivt,init,end_init -ppowerup=CODE -pcinit=CODE \
  -pfunctab=ENTRY -k \
  C:\Users\BIANCA~1.R\AppData\Local\Temp\xcAsnl0.\driver_tmp_12.o \
  dist/default/production\battery_control.X.production.o 

Object code version is 3.11

Machine type is 16F877A



                Name                               Link     Load   Length Selector   Space Scale
C:\Users\BIANCA~1.R\AppData\Local\Temp\xcAsnl0.\driver_tmp_12.o
                end_init                              0        0        3        0       0
                config                             2007     2007        1        0       4
dist/default/production\battery_control.X.production.o
                cinit                               7CF      7CF       31      F9E       0
                config                             2007     2007        1        0       4
                text15                              BB5      BB5       1D     176A       0
                text14                              CAC      CAC       47     1958       0
                text13                              D69      D69       A2     1AD2       0
                text12                              B99      B99       1C     1732       0
                text11                              EB1      EB1      14F     1D62       0
                text10                                6        6       27        C       0
                text9                               48D      48D      342      91A       0
                text8                               231      231      25C      462       0
                text7                               BD2      BD2       24     17A4       0
                text6                               CF3      CF3       76     19E6       0
                text5                               C6A      C6A       42     18D4       0
                text4                               BF6      BF6       38     17EC       0
                text3                                2D       2D       B4       5A       0
                text2                               E0B      E0B       A6     1C16       0
                text1                                E1       E1      150      1C2       0
                maintext                            B78      B78        E     16F0       0
                cstackBANK0                          20       20       42       20       1
                cstackCOMMON                         70       70        E       70       1
                inittext                            B86      B86       13     170C       0
                dataBANK1                            A0       A0       3C       A0       1
                bssBANK1                             DC       DC        4       A0       1
                dataBANK0                            6C       6C        4       20       1
                bssBANK0                             62       62        A       20       1
                idataBANK1                          C2E      C2E       3C     185C       0
                idataBANK0                          B74      B74        4     16E8       0

TOTAL           Name                               Link     Load   Length     Space
        CLASS   CODE           
                end_init                              0        0        3         0
                cinit                               7CF      7CF       31         0
                text15                              BB5      BB5       1D         0
                text14                              CAC      CAC       47         0
                text13                              D69      D69       A2         0
                text12                              B99      B99       1C         0
                text11                              EB1      EB1      14F         0
                text10                                6        6       27         0
                text9                               48D      48D      342         0
                text8                               231      231      25C         0
                text7                               BD2      BD2       24         0
                text6                               CF3      CF3       76         0
                text5                               C6A      C6A       42         0
                text4                               BF6      BF6       38         0
                text3                                2D       2D       B4         0
                text2                               E0B      E0B       A6         0
                text1                                E1       E1      150         0
                maintext                            B78      B78        E         0
                inittext                            B86      B86       13         0
                idataBANK1                          C2E      C2E       3C         0
                idataBANK0                          B74      B74        4         0

        CLASS   STRCODE        

        CLASS   STRING         

        CLASS   CONST          

        CLASS   ENTRY          

        CLASS   COMMON         
                cstackCOMMON                         70       70        E         1

        CLASS   BANK0          
                cstackBANK0                          20       20       42         1
                dataBANK0                            6C       6C        4         1
                bssBANK0                             62       62        A         1

        CLASS   BANK1          
                dataBANK1                            A0       A0       3C         1
                bssBANK1                             DC       DC        4         1

        CLASS   BANK2          

        CLASS   BANK3          

        CLASS   RAM            

        CLASS   ABS1           
                abs_s1                               7E       7E        2         1

        CLASS   SFR0           

        CLASS   SFR1           

        CLASS   SFR2           

        CLASS   SFR3           

        CLASS   CONFIG         
                config                             2007     2007        1         4

        CLASS   IDLOC          

        CLASS   EEDATA         

        CLASS   HEAP           

        CLASS   STACK          



SEGMENTS        Name                           Load    Length   Top    Selector   Space  Class     Delta

                reset_vec                      000000  000003  000003         0       0  CODE        2
                text10                         000006  000027  00002D         C       0  CODE        2
                cstackBANK0                    000020  000050  000070        20       1  BANK0       1
                text3                          00002D  0000B4  0000E1        5A       0  CODE        2
                cstackCOMMON                   000070  00000E  00007E        70       1  COMMON      1
                dataBANK1                      0000A0  000040  0000E0        A0       1  BANK1       1
                text1                          0000E1  000150  000231       1C2       0  CODE        2
                text8                          000231  00025C  00048D       462       0  CODE        2
                text9                          00048D  000342  0007CF       91A       0  CODE        2
                cinit                          0007CF  000031  000800       F9E       0  CODE        2
                idataBANK0                     000B74  000004  000B78      16E8       0  CODE        2
                maintext                       000B78  00000E  000B86      16F0       0  CODE        2
                inittext                       000B86  000013  000B99      170C       0  CODE        2
                text12                         000B99  00001C  000BB5      1732       0  CODE        2
                text15                         000BB5  00001D  000BD2      176A       0  CODE        2
                text7                          000BD2  000024  000BF6      17A4       0  CODE        2
                text4                          000BF6  000038  000C2E      17EC       0  CODE        2
                idataBANK1                     000C2E  00003C  000C6A      185C       0  CODE        2
                text5                          000C6A  000042  000CAC      18D4       0  CODE        2
                text14                         000CAC  000047  000CF3      1958       0  CODE        2
                text6                          000CF3  000076  000D69      19E6       0  CODE        2
                text13                         000D69  0000A2  000E0B      1AD2       0  CODE        2
                text2                          000E0B  0000A6  000EB1      1C16       0  CODE        2
                text11                         000EB1  00014F  001000      1D62       0  CODE        2


UNUSED ADDRESS RANGES

        Name                Unused          Largest block    Delta
        BANK1            00E0-00EF             10           1
        BANK2            0110-016F             60           1
        BANK3            0190-01EF             60           1
        CODE             0003-0005              3           2
                         0800-0B73            374
                         1000-1FFF            800
        CONST            0003-0005              3           2
                         0800-0B73            100
                         1000-1FFF            100
        EEDATA           2100-21FF            100           2
        ENTRY            0003-0005              3           2
                         0800-0B73            100
                         1000-1FFF            100
        IDLOC            2000-2003              4           2
        RAM              00E0-00EF             10           1
                         0110-016F             60
                         0190-01EF             60
        SFR0             0000-001F             20           1
        SFR1             0080-009F             20           1
        SFR2             0100-010F             10           1
        SFR3             0180-018F             10           1
        STRCODE          0003-0005              3           2
                         0800-0B73            374
                         1000-1FFF           1000
        STRING           0003-0005              3           2
                         0800-0B73            100
                         1000-1FFF            100

                                  Symbol Table

?__Umul8_16              cstackCOMMON 0070
?___fladd                cstackCOMMON 0070
?___flmul                cstackBANK0  0030
?___flsub                cstackBANK0  0028
?___fltol                cstackBANK0  004A
?___lwdiv                cstackCOMMON 0070
?___lwmod                cstackCOMMON 0070
?___xxtofl               cstackCOMMON 0070
_PORTB                   (abs)        0006
_PORTC                   (abs)        0007
_PORTD                   (abs)        0008
_TRISB                   (abs)        0086
_TRISC                   (abs)        0087
_TRISD                   (abs)        0088
__H__absolute__          __absolute__ 0000
__Habs1                  abs1         0000
__Hbank0                 bank0        0000
__Hbank1                 bank1        0000
__Hbank2                 bank2        0000
__Hbank3                 bank3        0000
__HbssBANK0              bssBANK0     0000
__HbssBANK1              bssBANK1     0000
__Hcinit                 cinit        0800
__Hclrtext               clrtext      0000
__Hcode                  code         0000
__Hcommon                common       0000
__Hconfig                config       2008
__HcstackBANK0           cstackBANK0  0000
__HcstackCOMMON          cstackCOMMON 0000
__HdataBANK0             dataBANK0    0000
__HdataBANK1             dataBANK1    0000
__Heeprom_data           eeprom_data  0000
__Hend_init              end_init     0003
__Hfunctab               functab      0000
__Hheap                  heap         0000
__HidataBANK0            idataBANK0   0000
__HidataBANK1            idataBANK1   0000
__Hinit                  init         0000
__Hinittext              inittext     0000
__Hintentry              intentry     0000
__Hmaintext              maintext     0000
__Hpowerup               powerup      0000
__Hram                   ram          0000
__Hreset_vec             reset_vec    0000
__Hsfr0                  sfr0         0000
__Hsfr1                  sfr1         0000
__Hsfr2                  sfr2         0000
__Hsfr3                  sfr3         0000
__Hsivt                  sivt         0000
__Hspace_0               (abs)        1000
__Hspace_1               (abs)        00E0
__Hspace_2               (abs)        0000
__Hspace_3               (abs)        0000
__Hspace_4               (abs)        400F
__Hstack                 stack        0000
__Hstrings               strings      0000
__Htext                  text         0000
__L__absolute__          __absolute__ 0000
__Labs1                  abs1         0000
__Lbank0                 bank0        0000
__Lbank1                 bank1        0000
__Lbank2                 bank2        0000
__Lbank3                 bank3        0000
__LbssBANK0              bssBANK0     0000
__LbssBANK1              bssBANK1     0000
__Lcinit                 cinit        07CF
__Lclrtext               clrtext      0000
__Lcode                  code         0000
__Lcommon                common       0000
__Lconfig                config       0000
__LcstackBANK0           cstackBANK0  0000
__LcstackCOMMON          cstackCOMMON 0000
__LdataBANK0             dataBANK0    0000
__LdataBANK1             dataBANK1    0000
__Leeprom_data           eeprom_data  0000
__Lend_init              end_init     0000
__Lfunctab               functab      0000
__Lheap                  heap         0000
__LidataBANK0            idataBANK0   0000
__LidataBANK1            idataBANK1   0000
__Linit                  init         0000
__Linittext              inittext     0000
__Lintentry              intentry     0000
__Lmaintext              maintext     0000
__Lpowerup               powerup      0000
__Lram                   ram          0000
__Lreset_vec             reset_vec    0000
__Lsfr0                  sfr0         0000
__Lsfr1                  sfr1         0000
__Lsfr2                  sfr2         0000
__Lsfr3                  sfr3         0000
__Lsivt                  sivt         0000
__Lspace_0               (abs)        0000
__Lspace_1               (abs)        0000
__Lspace_2               (abs)        0000
__Lspace_3               (abs)        0000
__Lspace_4               (abs)        0000
__Lstack                 stack        0000
__Lstrings               strings      0000
__Ltext                  text         0000
__S0                     (abs)        1000
__S1                     (abs)        00E0
__S3                     (abs)        0000
__Umul8_16               text10       0006
__Umul8_16@multiplicand  cstackCOMMON 0070
__Umul8_16@multiplier    cstackCOMMON 0078
__Umul8_16@product       cstackCOMMON 0074
__Umul8_16@word_mpld     cstackCOMMON 0076
___fladd                 text8        0231
___fladd@a               cstackCOMMON 0074
___fladd@aexp            cstackCOMMON 0079
___fladd@b               cstackCOMMON 0070
___fladd@bexp            cstackCOMMON 007A
___fladd@grs             cstackCOMMON 007B
___fladd@signs           cstackCOMMON 0078
___flge                  text13       0D69
___flge@ff1              cstackCOMMON 0070
___flge@ff2              cstackCOMMON 0074
___flmul                 text9        048D
___flmul@a               cstackBANK0  0034
___flmul@aexp            cstackBANK0  0042
___flmul@b               cstackBANK0  0030
___flmul@bexp            cstackBANK0  0043
___flmul@grs             cstackBANK0  003E
___flmul@prod            cstackBANK0  0044
___flmul@sign            cstackBANK0  003D
___flmul@temp            cstackBANK0  0048
___flsub                 text7        0BD2
___flsub@a               cstackBANK0  0028
___flsub@b               cstackBANK0  002C
___fltol                 text6        0CF3
___fltol@exp1            cstackBANK0  0053
___fltol@f1              cstackBANK0  004A
___fltol@sign1           cstackBANK0  0052
___heap_hi               (abs)        0000
___heap_lo               (abs)        0000
___int_sp                stack        0000
___int_stack_hi          stack        0000
___int_stack_lo          stack        0000
___latbits               (abs)        0002
___lwdiv                 text5        0C6A
___lwdiv@counter         cstackCOMMON 0076
___lwdiv@dividend        cstackCOMMON 0072
___lwdiv@divisor         cstackCOMMON 0070
___lwdiv@quotient        cstackCOMMON 0074
___lwmod                 text4        0BF6
___lwmod@counter         cstackCOMMON 0074
___lwmod@dividend        cstackCOMMON 0072
___lwmod@divisor         cstackCOMMON 0070
___sp                    stack        0000
___stack_hi              stack        0000
___stack_lo              stack        0000
___stackhi               (abs)        0000
___stacklo               (abs)        0000
___xxtofl                text3        002D
___xxtofl@arg            cstackCOMMON 007A
___xxtofl@exp            cstackCOMMON 0079
___xxtofl@sign           cstackCOMMON 0078
___xxtofl@val            cstackCOMMON 0070
__end_of__Umul8_16       text10       002D
__end_of___fladd         text8        048D
__end_of___flge          text13       0E0B
__end_of___flmul         text9        07CF
__end_of___flsub         text7        0BF6
__end_of___fltol         text6        0D69
__end_of___lwdiv         text5        0CAC
__end_of___lwmod         text4        0C2E
__end_of___xxtofl        text3        00E1
__end_of__initialization cinit        07FC
__end_of_checking        text11       1000
__end_of_initLCD         text14       0CF3
__end_of_keyscan         text1        0231
__end_of_lcd_command     text15       0BD2
__end_of_lcd_data        text12       0BB5
__end_of_lcd_output      text2        0EB1
__end_of_main            maintext     0B86
__initialization         cinit        07CF
__pbssBANK0              bssBANK0     0062
__pbssBANK1              bssBANK1     00DC
__pcstackBANK0           cstackBANK0  0020
__pcstackCOMMON          cstackCOMMON 0070
__pdataBANK0             dataBANK0    006C
__pdataBANK1             dataBANK1    00A0
__pidataBANK0            idataBANK0   0B74
__pidataBANK1            idataBANK1   0C2E
__pmaintext              maintext     0B78
__ptext1                 text1        00E1
__ptext10                text10       0006
__ptext11                text11       0EB1
__ptext12                text12       0B99
__ptext13                text13       0D69
__ptext14                text14       0CAC
__ptext15                text15       0BB5
__ptext2                 text2        0E0B
__ptext3                 text3        002D
__ptext4                 text4        0BF6
__ptext5                 text5        0C6A
__ptext6                 text6        0CF3
__ptext7                 text7        0BD2
__ptext8                 text8        0231
__ptext9                 text9        048D
_arr1                    dataBANK1    00BE
_arr2                    dataBANK1    00AF
_arr3                    dataBANK1    00A0
_array                   dataBANK1    00CD
_checking                text11       0EB1
_initLCD                 text14       0CAC
_j                       dataBANK0    006C
_keyscan                 text1        00E1
_lcd_command             text15       0BB5
_lcd_data                text12       0B99
_lcd_output              text2        0E0B
_main                    maintext     0B78
_value                   bssBANK0     0068
btemp                    (abs)        007E
checking@i               cstackBANK0  0020
checking@i_73            cstackBANK0  0022
checking@i_74            cstackBANK0  0024
checking@i_75            cstackBANK0  0026
end_of_initialization    cinit        07FC
init_fetch0              inittext     0B86
init_ram0                inittext     0B8A
intlevel0                functab      0000
intlevel1                functab      0000
intlevel2                functab      0000
intlevel3                functab      0000
intlevel4                functab      0000
intlevel5                functab      0000
keyscan@x                cstackBANK0  005E
keyscan@x_90             cstackBANK0  0060
lcd_command@cmd          cstackCOMMON 0072
lcd_data@data            cstackCOMMON 0072
lcd_output@decimal_part  cstackBANK0  0058
lcd_output@int_part      cstackBANK0  005A
lcd_output@value         cstackBANK0  0054
reset_vec                reset_vec    0000
start                    init         0000
start_initialization     cinit        07CF
wtemp0                   (abs)        007E


MODULE INFORMATION

Module		Function		Class		Link	Load	Size
C:\Program Files\Microchip\xc8\v3.00\pic\sources\c99\common\flge.c
		___flge        		CODE           	0D69	0000	162

C:\Program Files\Microchip\xc8\v3.00\pic\sources\c99\common\flge.c estimated size: 162

C:\Program Files\Microchip\xc8\v3.00\pic\sources\c99\common\lwmod.c
		___lwmod       		CODE           	0BF6	0000	56

C:\Program Files\Microchip\xc8\v3.00\pic\sources\c99\common\lwmod.c estimated size: 56

C:\Program Files\Microchip\xc8\v3.00\pic\sources\c99\common\sprcmul.c
		___flmul       		CODE           	048D	0000	834

C:\Program Files\Microchip\xc8\v3.00\pic\sources\c99\common\sprcmul.c estimated size: 834

shared
		__initialization		CODE           	07CF	0000	45

shared estimated size: 45

C:\Program Files\Microchip\xc8\v3.00\pic\sources\c99\common\xxtofl.c
		___xxtofl      		CODE           	002D	0000	180

C:\Program Files\Microchip\xc8\v3.00\pic\sources\c99\common\xxtofl.c estimated size: 180

C:\Program Files\Microchip\xc8\v3.00\pic\sources\c99\common\lwdiv.c
		___lwdiv       		CODE           	0C6A	0000	66

C:\Program Files\Microchip\xc8\v3.00\pic\sources\c99\common\lwdiv.c estimated size: 66

C:\Program Files\Microchip\xc8\v3.00\pic\sources\c99\common\fltol.c
		___fltol       		CODE           	0CF3	0000	118

C:\Program Files\Microchip\xc8\v3.00\pic\sources\c99\common\fltol.c estimated size: 118

main.c
		_lcd_command   		CODE           	0BB5	0000	29
		_lcd_data      		CODE           	0B99	0000	28
		_main          		CODE           	0B78	0000	14
		_checking      		CODE           	0EB1	0000	335
		_keyscan       		CODE           	00E1	0000	336
		_initLCD       		CODE           	0CAC	0000	71
		_lcd_output    		CODE           	0E0B	0000	166

main.c estimated size: 979

C:\Program Files\Microchip\xc8\v3.00\pic\sources\c99\common\sprcadd.c
		___flsub       		CODE           	0BD2	0000	36
		___fladd       		CODE           	0231	0000	604

C:\Program Files\Microchip\xc8\v3.00\pic\sources\c99\common\sprcadd.c estimated size: 640

C:\Program Files\Microchip\xc8\v3.00\pic\sources\c99\common\Umul8_16.c
		__Umul8_16     		CODE           	0006	0000	39

C:\Program Files\Microchip\xc8\v3.00\pic\sources\c99\common\Umul8_16.c estimated size: 39

